[2026-01-30 01:34:25] local.INFO: Teacher Sections Debug: {"teacher_id":5,"direct_sections_found":2,"direct_section_details":[{"id":3,"name":"gas","gradelevel":12,"teacher_id":5,"school_year_id":3,"am_time_in_start":"07:00:00","am_time_in_end":"08:00:00","am_time_out_start":"11:00:00","am_time_out_end":"12:00:00","pm_time_in_start":"13:00:00","pm_time_in_end":"14:00:00","pm_time_out_start":"16:00:00","pm_time_out_end":"17:00:00","created_at":"2025-12-02T01:52:27.000000Z","updated_at":"2026-01-29T17:23:09.000000Z","students_count":2,"school_year":{"id":3,"school_id":1,"school_year_start":2026,"school_year_end":2027,"name":"2026–2027","start_date":"2026-01-05T16:00:00.000000Z","end_date":"2027-03-09T16:00:00.000000Z","status":"active","description":null,"created_at":"2025-12-11T04:44:43.000000Z","updated_at":"2025-12-11T04:44:43.000000Z"}},{"id":7,"name":"SPENCER","gradelevel":12,"teacher_id":5,"school_year_id":3,"am_time_in_start":"07:00:00","am_time_in_end":"08:00:00","am_time_out_start":"11:00:00","am_time_out_end":"12:00:00","pm_time_in_start":"13:00:00","pm_time_in_end":"14:00:00","pm_time_out_start":"16:00:00","pm_time_out_end":"17:00:00","created_at":"2025-12-02T13:28:46.000000Z","updated_at":"2026-01-29T17:21:16.000000Z","students_count":100,"school_year":{"id":3,"school_id":1,"school_year_start":2026,"school_year_end":2027,"name":"2026–2027","start_date":"2026-01-05T16:00:00.000000Z","end_date":"2027-03-09T16:00:00.000000Z","status":"active","description":null,"created_at":"2025-12-11T04:44:43.000000Z","updated_at":"2025-12-11T04:44:43.000000Z"}}]} 
[2026-01-30 01:34:31] local.INFO: Attendance code generated {"teacher_id":5,"code":"136238","section_id":null} 
[2026-01-30 01:35:15] local.INFO: getAttendanceCodeStatus called {"teacher_id":"5","user_id":1} 
[2026-01-30 01:35:15] local.INFO: Teacher found for status check {"teacher_name":"regie"} 
[2026-01-30 01:35:22] local.INFO: getAttendanceCodeStatus called {"teacher_id":"2","user_id":1} 
[2026-01-30 01:35:22] local.INFO: Teacher found for status check {"teacher_name":"Pagalan, Mark Anthonyy"} 
[2026-01-30 01:35:27] local.INFO: regenerateAttendanceCode called {"teacher_id":"2","user_id":1} 
[2026-01-30 01:35:27] local.INFO: Teacher found for regeneration {"teacher_name":"Pagalan, Mark Anthonyy"} 
[2026-01-30 01:35:27] local.INFO: Attendance code regenerated for teacher Pagalan, Mark Anthonyy {"teacher_id":"2","old_codes":["744650"],"new_code":"348020"} 
[2026-01-30 01:35:30] local.INFO: getAttendanceCodeStatus called {"teacher_id":"2","user_id":1} 
[2026-01-30 01:35:30] local.INFO: Teacher found for status check {"teacher_name":"Pagalan, Mark Anthonyy"} 
[2026-01-30 01:35:37] local.INFO: Teacher Sections Debug: {"teacher_id":5,"direct_sections_found":2,"direct_section_details":[{"id":3,"name":"gas","gradelevel":12,"teacher_id":5,"school_year_id":3,"am_time_in_start":"07:00:00","am_time_in_end":"08:00:00","am_time_out_start":"11:00:00","am_time_out_end":"12:00:00","pm_time_in_start":"13:00:00","pm_time_in_end":"14:00:00","pm_time_out_start":"16:00:00","pm_time_out_end":"17:00:00","created_at":"2025-12-02T01:52:27.000000Z","updated_at":"2026-01-29T17:23:09.000000Z","students_count":2,"school_year":{"id":3,"school_id":1,"school_year_start":2026,"school_year_end":2027,"name":"2026–2027","start_date":"2026-01-05T16:00:00.000000Z","end_date":"2027-03-09T16:00:00.000000Z","status":"active","description":null,"created_at":"2025-12-11T04:44:43.000000Z","updated_at":"2025-12-11T04:44:43.000000Z"}},{"id":7,"name":"SPENCER","gradelevel":12,"teacher_id":5,"school_year_id":3,"am_time_in_start":"07:00:00","am_time_in_end":"08:00:00","am_time_out_start":"11:00:00","am_time_out_end":"12:00:00","pm_time_in_start":"13:00:00","pm_time_in_end":"14:00:00","pm_time_out_start":"16:00:00","pm_time_out_end":"17:00:00","created_at":"2025-12-02T13:28:46.000000Z","updated_at":"2026-01-29T17:21:16.000000Z","students_count":100,"school_year":{"id":3,"school_id":1,"school_year_start":2026,"school_year_end":2027,"name":"2026–2027","start_date":"2026-01-05T16:00:00.000000Z","end_date":"2027-03-09T16:00:00.000000Z","status":"active","description":null,"created_at":"2025-12-11T04:44:43.000000Z","updated_at":"2025-12-11T04:44:43.000000Z"}}]} 
[2026-01-30 01:35:43] local.INFO: Attendance code generated {"teacher_id":5,"code":"890079","section_id":null} 
[2026-01-30 01:35:49] local.INFO: Attendance code generated {"teacher_id":5,"code":"867363","section_id":null} 
[2026-01-30 01:36:27] local.INFO: Getting today attendance summary {"teacher_id":5,"date":"2026-01-30"} 
[2026-01-30 01:36:27] local.INFO: Today attendance summary calculated {"morning_in":0,"morning_out":0,"afternoon_in":0,"afternoon_out":0} 
[2026-01-30 01:36:36] local.INFO: School Year index accessed {"user_id":5,"user_role":"teacher"} 
[2026-01-30 01:36:36] local.INFO: Teacher viewing school years {"user_id":5,"school_id":1,"school_years_count":2} 
[2026-01-30 01:36:39] local.INFO: Student Filter Debug: {"teacher_id":5,"teacher_section_ids":[3,7],"filters":{"school_year_id":3,"section_id":"all","start_date":"2026-01-06","end_date":"2027-03-10"}} 
[2026-01-30 01:36:39] local.INFO: Final student IDs: {"count":1,"student_ids":[206]} 
[2026-01-30 01:36:41] local.INFO: Student Filter Debug: {"teacher_id":5,"teacher_section_ids":[3,7],"filters":{"school_year_id":3,"section_id":"all","start_date":"2026-01-06","end_date":"2027-03-10"}} 
[2026-01-30 01:36:41] local.INFO: Final student IDs: {"count":1,"student_ids":[206]} 
[2026-01-30 01:36:43] local.INFO: Student Filter Debug: {"teacher_id":5,"teacher_section_ids":[3,7],"filters":{"school_year_id":3,"section_id":"all","start_date":"2026-01-06","end_date":"2027-03-10"}} 
[2026-01-30 01:36:43] local.INFO: Final student IDs: {"count":1,"student_ids":[206]} 
[2026-01-30 01:36:44] local.INFO: Student Filter Debug: {"teacher_id":5,"teacher_section_ids":[3,7],"filters":{"school_year_id":3,"section_id":"all","start_date":"2026-01-06","end_date":"2027-03-10"}} 
[2026-01-30 01:36:44] local.INFO: Final student IDs: {"count":1,"student_ids":[206]} 
[2026-01-30 01:36:44] local.INFO: Absenteeism Debug: {"teacher_id":5,"student_count":1,"student_ids":[206],"filters":{"school_year_id":3,"section_id":"all","start_date":"2026-01-06","end_date":"2027-03-10"}} 
[2026-01-30 01:36:45] local.INFO: Student Filter Debug: {"teacher_id":5,"teacher_section_ids":[3,7],"filters":{"school_year_id":3,"section_id":"all","start_date":"2026-01-06","end_date":"2027-03-10"}} 
[2026-01-30 01:36:45] local.INFO: Final student IDs: {"count":1,"student_ids":[206]} 
[2026-01-30 01:36:47] local.INFO: Student Filter Debug: {"teacher_id":5,"teacher_section_ids":[3,7],"filters":{"school_year_id":3,"section_id":"all","start_date":"2026-01-06","end_date":"2027-03-10"}} 
[2026-01-30 01:36:47] local.INFO: Final student IDs: {"count":1,"student_ids":[206]} 
[2026-01-30 01:36:48] local.INFO: Student Filter Debug: {"teacher_id":5,"teacher_section_ids":[3,7],"filters":{"school_year_id":3,"section_id":"all","start_date":"2026-01-06","end_date":"2027-03-10"}} 
[2026-01-30 01:36:48] local.INFO: Final student IDs: {"count":1,"student_ids":[206]} 
[2026-01-30 01:36:50] local.INFO: School Year index accessed {"user_id":5,"user_role":"teacher"} 
[2026-01-30 01:36:50] local.INFO: Teacher viewing school years {"user_id":5,"school_id":1,"school_years_count":2} 
[2026-01-30 01:37:16] local.INFO: Generating QR for student {"student_id":206,"student_name":"Milaan, miki","student_id_no":"3213123","existing_qr_code":null,"existing_stud_code":null,"teacher_id":5} 
[2026-01-30 01:37:16] local.INFO: Generated QR data {"student_id":206,"qr_code_data":"3213123_Y9K46ATURD","random_string":"Y9K46ATURD","id_no":"3213123"} 
[2026-01-30 01:37:16] local.INFO: QR file path prepared {"student_id":206,"qr_path":"qr_codes/3213123_Milaan__miki.svg","sanitized_name":"Milaan__miki","file_exists":false} 
[2026-01-30 01:37:16] local.INFO: Creating QR image {"student_id":206,"qr_data":"3213123_Y9K46ATURD"} 
[2026-01-30 01:37:16] local.INFO: QR image generated, saving to storage {"student_id":206,"qr_path":"qr_codes/3213123_Milaan__miki.svg","qr_image_size":2606} 
[2026-01-30 01:37:16] local.INFO: QR generation completed successfully {"student_id":206,"student_name":"Milaan, miki","qr_path":"qr_codes/3213123_Milaan__miki.svg","stud_code":"3213123_Y9K46ATURD","file_saved":true} 
[2026-01-30 01:38:01] local.INFO: Student Filter Debug: {"teacher_id":5,"teacher_section_ids":[3,7],"filters":{"school_year_id":3,"section_id":"all","start_date":"2026-01-06","end_date":"2027-03-10"}} 
[2026-01-30 01:38:01] local.INFO: Final student IDs: {"count":1,"student_ids":[206]} 
[2026-01-30 01:38:04] local.INFO: Student Filter Debug: {"teacher_id":5,"teacher_section_ids":[3,7],"filters":{"school_year_id":3,"section_id":"all","start_date":"2026-01-06","end_date":"2027-03-10"}} 
[2026-01-30 01:38:04] local.INFO: Final student IDs: {"count":1,"student_ids":[206]} 
[2026-01-30 01:38:05] local.INFO: Student Filter Debug: {"teacher_id":5,"teacher_section_ids":[3,7],"filters":{"school_year_id":3,"section_id":"all","start_date":"2026-01-06","end_date":"2027-03-10"}} 
[2026-01-30 01:38:05] local.INFO: Final student IDs: {"count":1,"student_ids":[206]} 
[2026-01-30 01:38:05] local.INFO: Absenteeism Debug: {"teacher_id":5,"student_count":1,"student_ids":[206],"filters":{"school_year_id":3,"section_id":"all","start_date":"2026-01-06","end_date":"2027-03-10"}} 
[2026-01-30 01:38:06] local.INFO: Student Filter Debug: {"teacher_id":5,"teacher_section_ids":[3,7],"filters":{"school_year_id":3,"section_id":"all","start_date":"2026-01-06","end_date":"2027-03-10"}} 
[2026-01-30 01:38:06] local.INFO: Final student IDs: {"count":1,"student_ids":[206]} 
[2026-01-30 01:38:07] local.INFO: Student Filter Debug: {"teacher_id":5,"teacher_section_ids":[3,7],"filters":{"school_year_id":3,"section_id":"all","start_date":"2026-01-06","end_date":"2027-03-10"}} 
[2026-01-30 01:38:07] local.INFO: Final student IDs: {"count":1,"student_ids":[206]} 
[2026-01-30 01:38:08] local.INFO: Student Filter Debug: {"teacher_id":5,"teacher_section_ids":[3,7],"filters":{"school_year_id":3,"section_id":"all","start_date":"2026-01-06","end_date":"2027-03-10"}} 
[2026-01-30 01:38:08] local.INFO: Final student IDs: {"count":1,"student_ids":[206]} 
[2026-01-30 01:38:09] local.INFO: Student Filter Debug: {"teacher_id":5,"teacher_section_ids":[3,7],"filters":{"school_year_id":3,"section_id":"all","start_date":"2026-01-06","end_date":"2027-03-10"}} 
[2026-01-30 01:38:10] local.INFO: Final student IDs: {"count":1,"student_ids":[206]} 
